Source: http://example.com/
Source: http://example.com/
Source: 163.com
Source: 360buy.com
Source: 4shared.com
Source: 56.com
Source: 58.com
Source: about.com
Source: addthis.com
Source: adobe.com
Source: adultfriendfinder.com
Source: alibaba.com
Source: alipay.com
Source: amazon.co.jp
Source: amazon.co.uk
Source: amazon.com
Source: amazon.de
Source: amazonaws.com
Source: ameblo.jp
Source: answers.com
Source: aol.com
Source: apple.com
Source: ask.com
Source: avg.com
Source: aweber.com
Source: babylon.com
Source: badoo.com
Source: baidu.com
Source: bankofamerica.com
Source: bbc.co.uk
Source: bild.de
Source: bing.com
Source: bit.ly
Source: blogspot.com
Source: bp.blogspot.com
Source: chinaz.com
Source: clicksor.com
Source: cnet.com
Source: cnn.com
Source: cnzz.com
Source: conduit.com
Source: craigslist.org
Source: dailymail.co.uk
Source: dailymotion.com
Source: deviantart.com
Source: digg.com
Source: domaintools.com
Source: douban.com
Source: doubleclick.com
Source: download.com
Source: ebay.co.uk
Source: ebay.com
Source: ebay.de
Source: ehow.com
Source: espn.go.com
Source: fbcdn.net
Source: fc2.com
Source: files.wordpress.com
Source: fileserve.com
Source: filesonic.com
Source: filestube.com
Source: flickr.com
Source: foxnews.com
Source: globo.com
Source: go.com
Source: godaddy.com
Source: goo.ne.jp
Source: google.ca
Source: google.cn
Source: google.co.id
Source: google.co.in
Source: google.co.jp
Source: google.co.th
Source: google.co.uk
Source: google.co.za
Source: google.com.ar
Source: google.com.au
Source: google.com.br
Source: google.com.eg
Source: google.com.hk
Source: google.com.mx
Source: google.com.pk
Source: google.com.sa
Source: google.com.tr
Source: google.com
Source: google.de
Source: google.es
Source: google.fr
Source: google.it
Source: google.nl
Source: google.pl
Source: google.ru
Source: googleusercontent.com
Source: guardian.co.uk
Source: hao123.com
Source: hotfile.com
Source: huffingtonpost.com
Source: ifeng.com
Source: imageshack.us
Source: imdb.com
Source: imgur.com
Source: indiatimes.com
Source: kaixin001.com
Source: ku6.com
Source: linkedin.com
Source: live.com
Source: livedoor.com
Source: liveinternet.ru
Source: livejasmin.com
Source: livejournal.com
Source: mail.ru
Source: maktoob.com
Source: mashable.com
Source: mediafire.com
Source: megaupload.com
Source: megavideo.com
Source: microsoft.com
Source: mixi.jp
Source: msn.com
Source: myspace.com
Source: naver.com
Source: netflix.com
Source: nicovideo.jp
Source: nytimes.com
Source: odnoklassniki.ru
Source: optmd.com
Source: orkut.com.br
Source: orkut.com
Source: paypal.com
Source: pengyou.com
Source: photobucket.com
Source: pornhub.com
Source: qq.com
Source: rakuten.co.jp
Source: rambler.ru
Source: rapidshare.com
Source: reddit.com
Source: rediff.com
Source: redtube.com
Source: reference.com
Source: renren.com
Source: scribd.com
Source: secureserver.net
Source: sina.com.cn
Source: skype.com
Source: sogou.com
Source: sohu.com
Source: soso.com
Source: sourceforge.net
Source: sparkstudios.com
Source: spiegel.de
Source: stackoverflow.com
Source: statcounter.com
Source: stumbleupon.com
Source: taobao.com
Source: taringa.net
Source: thepiratebay.org
Source: tianya.cn
Source: tmall.com
Source: torrentz.eu
Source: tube8.com
Source: tudou.com
Source: tumblr.com
Source: twitpic.com
Source: twitter.com
Source: ucoz.ru
Source: uol.com.br
Source: vimeo.com
Source: vkontakte.ru
Source: warriorforum.com
Source: weather.com
Source: weibo.com
Source: wikimedia.org
Source: wikipedia.org
Source: wordpress.com
Source: wordpress.org
Source: http://www.example.com//
Source: http://www.facebook.com
Source: xhamster.com
Source: xinhuanet.com
Source: xnxx.com
Source: xtendmedia.com
Source: xvideos.com
Source: yahoo.co.jp
Source: yahoo.com
Source: yandex.ru
Source: yelp.com
Source: yfrog.com
Source: yieldmanager.com
Source: youjizz.com
Source: youku.com
Source: youporn.com
Source: youtube.com
Source: zedo.com
